{"jsonrpc":"2.0","id":1,"result":{"validity":{"tag":"ImplicationUnknown","contents":{"tag":"MatchingUnknown","contents":[{"format":"KORE","version":1,"term":{"tag":"EVar","name":"X","sort":{"tag":"SortVar","name":"S"}}},{"format":"KORE","version":1,"term":{"tag":"EVar","name":"X","sort":{"tag":"SortVar","name":"S"}}}]}}}}
